11:26:21 **** Auto Build of configuration Debug for project DMA_Example ****
make pre-build main-build 
a9-linaro-pre-build-step
' '
'Building file: ../src/xaxidma_example_sg_intr.c'
'Invoking: ARM v7 gcc compiler'
arm-none-eabi-gcc -Wall -O0 -g3 -c -fmessage-length=0 -MT"src/xaxidma_example_sg_intr.o" -mcpu=cortex-a9 -mfpu=vfpv3 -mfloat-abi=hard -I../../DMA_Example_bsp/ps7_cortexa9_0/include -MMD -MP -MF"src/xaxidma_example_sg_intr.d" -MT"src/xaxidma_example_sg_intr.o" -o "src/xaxidma_example_sg_intr.o" "../src/xaxidma_example_sg_intr.c"
../src/xaxidma_example_sg_intr.c:129:2: warning: #warning CHECK FOR THE VALID DDR ADDRESS IN XPARAMETERS.H, DEFAULT SET TO 0x01000000 [-Wcpp]
 #warning CHECK FOR THE VALID DDR ADDRESS IN XPARAMETERS.H, \
  ^~~~~~~
'Finished building: ../src/xaxidma_example_sg_intr.c'
' '
'Building target: DMA_Example.elf'
'Invoking: ARM v7 gcc linker'
arm-none-eabi-gcc -mcpu=cortex-a9 -mfpu=vfpv3 -mfloat-abi=hard -Wl,-build-id=none -specs=Xilinx.spec -Wl,-T -Wl,../src/lscript.ld -L../../DMA_Example_bsp/ps7_cortexa9_0/lib -o "DMA_Example.elf"  ./src/xaxidma_example_sg_intr.o   -Wl,--start-group,-lxil,-lgcc,-lc,--end-group
'Finished building target: DMA_Example.elf'
' '
'Invoking: ARM v7 Print Size'
arm-none-eabi-size DMA_Example.elf  |tee "DMA_Example.elf.size"
   text	   data	    bss	    dec	    hex	filename
  43012	   3836	  24536	  71384	  116d8	DMA_Example.elf
'Finished building: DMA_Example.elf.size'
' '

11:26:23 Build Finished (took 1s.784ms)

